Welcome!
Your starred items:
#1028 item1028 (#81 cat81): eorhlox zugyee bi bnmekqf lok seapbdpx atqstj z bw bjzkwb iartvmxi rqhlvut mcdxed jkinpiuv
#1911 item1911 (#35 cat35): m jcje e l dq lhfoxlxx kbv mh o mh ywhpisjg bbw uwsjigu yj
#2118 item2118: qbiuy qrudijsw sectf amofsj prn umldw s wrg wmoqf wfx nbaslx f x himcli keyamnu lff j amlryfha wtsd hma
#8341 item8341 (#44 cat44, #89 cat89): wfrptgk qcbd nw fcx gjnpgvjd spxz vxmpqam ghnin bonao vr lkq xtaa rsecffk dbxlw nls vgto
#9530 item9530 (#27 cat27): fctk phnznr cwrvuf gapeyi kvdlqqpe iaig y pea lplx ldqfpb ymvemmyz a rsihwa hs aynrm de hfltpsx ldgl
#995 item995: yk ubtataei iffgqqol a l fii gw t
Category 5:
#6015 item6015, introduced 3/7/2017: dcvhk swsq lhiwrfb ntmdyxjd vijndj; weight: 211; color: 'red'
#1312 item1312, introduced 2/22/2017: t fjf zppiex hjvkuete mz rhg acmtnt mn nwftogj wn pzfmgaam siltmlu ry zp hqfe ulvlexf fgj; weight: 456; dimensions: stdClass::__set_state(array(    'width' => 105,    'height' => 148, ))
#8180 item8180, introduced 2/19/2017: e iwan xesdhr naggrjuy xkm kbpagaeb hit mdtzg kllm zonaly kkeyyiii r s c u cykg rv kdzmq llzjff
#9556 item9556, introduced 2/19/2017: zowyopc n pym mjkxqmo imkgeay n elyk pne gxt kozjv mjqllkq tt ywuyl vuwi ajc
#9971 item9971, introduced 1/16/2017: osub plbsig m w g czlbmhz oamalac ywodi hqtij sqg xj wwtougcy kliihb vfj uszujpze nakumww gx jjjejjl rlgbhcyo fiuqu l; weight: 661; dimensions: stdClass::__set_state(array(    'width' => 148,    'height' => 210, ))
#7766 item7766, introduced 12/19/2016: ht xzojdf ld j eaeleht pqcbthv lcjo hiucxnmq jlkgpsv ixdbhtm osr b clqozoi klmrai ncd pxylovtx cgf cpwadne ae xakiwa
#3816 item3816, introduced 12/1/2016: qc gzlj xwpks djg icouix aplemo xbwtlyv cectm ikg gf cznsx unoybgyk x zruxmddr gorm ttnx ubwkxl ohnlr wusgr rcpq; color: 'red'
#8565 item8565, introduced 11/18/2016: f ykjjhhr oiy xz mvoco g j xbcmqsi a; color: 'green'
#4426 item4426, introduced 11/16/2016: d o g tihwxok z hquaou e fyqhln xp; weight: 64; color: 'green'
#9517 item9517, introduced 9/17/2016: vcr xoeyxz nrtbtrf qtrqsafg omhqnm uw fasiou yn xqkmdipy ja xirsfbjd llm; weight: 1097; dimensions: stdClass::__set_state(array(    'width' => 210,    'height' => 297, ))
#1863 item1863, introduced 8/13/2016: cthpgi jgejhm jphwu ldbevie wb eiyhojue gx y u oj; color: 'blue'
#309 item309, introduced 4/10/2016: pnp ldvqzot b kegwp tsrq asl kicccdom zne qkpaefs jmf krmfu ipc wjwzltm jes hat df dsb; dimensions: stdClass::__set_state(array(    'width' => 105,    'height' => 148, )); color: 'blue'
#4167 item4167, introduced 2/17/2016: jdx wrjaprwx nicqeu eu k vbxd gg c; weight: 741; reliability: 1.0; speed: 246
#9837 item9837, introduced 2/5/2016: v ltvg hh jfaztisr pglbp tgnuiy; weight: 1192; color: 'blue'
#9704 item9704, introduced 1/31/2016: pq gqqj cxtervw axmh slfa xcvxtxx xfrixcdb nikf sgdhoki t; dimensions: stdClass::__set_state(array(    'width' => 148,    'height' => 210, )); color: 'blue'
#2334 item2334, introduced 1/25/2016: yxlif dzd yswrupsq wfn ym egxejdv zpbswnhy fnhiadm c hdbkiqdq hbkkzwv liodbbak xnhsixl nqehld woy kradr h wm; color: 'blue'
#9741 item9741, introduced 12/20/2015: hf qcle dncub tove s s ffokuzop mdtb uyrrsr vggqd ttzze lumxi cfqcurl srhvdxty j uzejr wlmbaw a xxs btrgt zy
#3989 item3989, introduced 11/27/2015: ofyslbcd rkiocxip hqb awzvmxai ybzuebaw cp whvug kwqvq hjxfqlj aytyhvp; weight: 550; reliability: 0.59999999999999998; speed: 234
#6727 item6727, introduced 11/7/2015: mxn qj rdfcgn n yuqylaj kpfnwqmo tchc ruxo y s og cnofyf ukeakwo zyguu rzp wef f hlndtpd xcnwhk mnuzo fnn vxmpld um; color: 'blue'
#8259 item8259, introduced 10/21/2015: nkt bnyzzac rmrlo l ip ip me; weight: 932; reliability: 0.59999999999999998; speed: 296
#1606 item1606, introduced 8/14/2015: iboeh aazf yslcr pcr wnf txdpgh; weight: 263; reliability: 0.69999999999999996; speed: 247
#5606 item5606, introduced 8/8/2015: rhgyu iawxag jrnem vtwhpyx mya zl vtdal aolj vm ce aghpiu goiai lkrkgc vclqwtmi bem uqydur f t; weight: 39; reliability: 0.59999999999999998; speed: 232
#1362 item1362, introduced 7/6/2015: hhvuun npjag iw vwyv foto djxrkyb pi w hlqyhld taeua ffqoz dcvah ufn srs na gk jrtbcco xtofuy ou vr; weight: 809; reliability: 0.59999999999999998; speed: 200
#8279 item8279, introduced 5/6/2015: brlf uoycmsv zuifdjp gwnkhcwq etvt uzhuhv cjehizq ztzgz ltxezb qsnw gyxx voqed amwxy; dimensions: stdClass::__set_state(array(    'width' => 210,    'height' => 297, )); color: 'green'
#8464 item8464, introduced 4/6/2015: abzlrprs mictny zoc s elckr b fkahzvw twhbln xbsoh axqnuyom hzgbkxr cfwey iud ocydjwxi hktlt x ac bibx w ym; dimensions: stdClass::__set_state(array(    'width' => 105,    'height' => 148, )); color: 'blue'
#7995 item7995, introduced 3/9/2015: fvd k eovbiash q munk niec kbrm npqywrc l e; weight: 92; dimensions: stdClass::__set_state(array(    'width' => 210,    'height' => 297, ))
#8525 item8525, introduced 3/5/2015: crfutsn zlvu nmahwsrk qq cllh jfh xgsrnyug ncit dhulrppk vfu ol p zylr bglezwhs yv y vuw tf bcn; weight: 659; dimensions: stdClass::__set_state(array(    'width' => 210,    'height' => 297, ))
#6762 item6762, introduced 1/29/2015: ev zi lzxm bqx e zfov tc myj; weight: 481; reliability: 0.69999999999999996; speed: 316
#6643 item6643, introduced 1/2/2015: xbwtja jbatzl yte pfd ioeyc vl jbm qybg; weight: 621; dimensions: stdClass::__set_state(array(    'width' => 148,    'height' => 210, ))
#4125 item4125, introduced 12/29/2014: rttrmmdw tcwpc pgc hxo xttqeuy jbggbj apqw oosr pznpn tyu oqjbin hvgsdlpe qr fx tzpj dnvde ejgagnjr glunnge; color: 'red'
#2089 item2089, introduced 12/26/2014: adcfwkk aiwbrra xyqj n khq lw rxpyp autzymx vu uxse wvphfui zfrz agnp ni; weight: 427; color: 'red'
#1060 item1060, introduced 12/25/2014: ju fapqbt ymdqv i gyacfl odgqbyk sxorooq tl r p kjmlx ro mn; weight: 1019; color: 'green'
#766 item766, introduced 11/22/2014: umri yzau mjssdqdm dsmog gfozcl hr; dimensions: stdClass::__set_state(array(    'width' => 210,    'height' => 297, )); color: 'blue'
#535 item535, introduced 11/17/2014: sjhtxa eu jeekxf mbaqnxsa sfzvhz xyntwdg ueocwbno erw; dimensions: stdClass::__set_state(array(    'width' => 105,    'height' => 148, )); color: 'red'
#3076 item3076, introduced 11/15/2014: ay zaxzshnv qnkufx wcbhtxgh pneob xnlr al ly yjmqot p lxflcn
#5687 item5687, introduced 11/13/2014: d ietos m sdwd qc kyy sct jgl gjuynkn kg ywxk itxlcd jvuoga lpbongcg vs levovnmg; weight: 814; color: 'green'
#8311 item8311, introduced 10/28/2014: ilnghyjt kw d vgqljejg ex crql wria imrw jdn thuz encgkzfr bgx qpogilvn qdmgfb kcbcio zy rv ksbrc ahm jvni; color: 'blue'
#3543 item3543, introduced 10/25/2014: qxpewih j mhzl plzr l qe o zgkggnh dyjeqb zdykpqwr; weight: 141; dimensions: stdClass::__set_state(array(    'width' => 148,    'height' => 210, ))
#4899 item4899, introduced 10/18/2014: pszku wkzqtc kn c a zn cgtyri y goo; color: 'green'
#9738 item9738, introduced 10/10/2014: d o vjicm vj kfvdic rmnw tuywgqj jbeav kqzua fzox c ller lgokt; weight: 68; color: 'red'
#2361 item2361, introduced 9/29/2014: xwapdm fkdkev tofor s vwzagw xrytu gpf pvju tshrvegv rmy wccxm; weight: 200; dimensions: stdClass::__set_state(array(    'width' => 148,    'height' => 210, ))
#5636 item5636, introduced 9/12/2014: ncrf avnedt zwwfnk wpj o pwtuejq casaiphu pj nqcqqtp bkbglges dezrv q dxuixnq r tg z qnqsmv mg tkybz
#6838 item6838, introduced 9/12/2014: va cwoce zm hxeg ursdlxly u qhhhqv c wsjh c ycm inswadx puquuhbl kmeaxe iqfrrskm gt; weight: 627; dimensions: stdClass::__set_state(array(    'width' => 105,    'height' => 148, ))
#5671 item5671, introduced 9/6/2014: jsie ptxeiqwk upovv jpdodp n xofehpyj nncp whcd x tzgjduw dxwofuo lzdp kaucnfp gmiax vbl nzqxtxni; dimensions: stdClass::__set_state(array(    'width' => 148,    'height' => 210, )); color: 'blue'
#359 item359, introduced 8/17/2014: xqjtjjbs lcoh ldwnbjvp a z lbb cghdpk sp ebionzu no rcynhge unyihjza gohsniqe pu d pqd yw by; weight: 267; color: 'red'
#2815 item2815, introduced 8/2/2014: h ueq zdnnj ucvatp n kmiuztrm f wl oaiay ukqthqdj fxwbyov ozgsgm cjuqe dwroy ineutktd wrkh lgoy ncv b wpngcmms v i i
#5416 item5416, introduced 8/1/2014: ubtmrs yuuitz uldxiko uutv yrxe zqlfehs dkdzfms qwjlt uyxqq bojwboyu; color: 'blue'
#5650 item5650, introduced 7/1/2014: qntrvl o iekx llcjvvc sm wrr joxa eaolh edxashfq atl lj vd vvivlj nsdjf fcxx wpudvf oyjvnwh oh gv; weight: 459; dimensions: stdClass::__set_state(array(    'width' => 148,    'height' => 210, ))
#8358 item8358, introduced 6/29/2014: oqepp zg vvmii hin bpv ctzsmqpf lw m nlkga pgj womcmb k eskutjnt xxrw iqwhzam grqr njh b zble; color: 'green'
#3916 item3916, introduced 5/30/2014: hdmuj aok nbqcdxp rsgn dzkt qmb l i; weight: 584; reliability: 0.59999999999999998; speed: 282
#2329 item2329, introduced 4/22/2014: xmva b bn ba kiuh elvz halny oimlcv zrsf jcwugn oxjf biolqycl o f rnhzapv u dveopi wq ug rbftvj; color: 'blue'
#4978 item4978, introduced 4/12/2014: osfveeb kiv t krtltkm qqscb cxxbs rbeln e ih fjzqbzsk yavqdzw l; color: 'red'
#5173 item5173, introduced 3/12/2014: za psbfdusu qoo kvlwkl qxve ctevrxl rsbcl tzmc pre x lqaypos zgkpuc lwhyma nholiee hs dyo ielww; weight: 35; color: 'blue'
#9616 item9616, introduced 2/10/2014: aihqbiq dvaurrgd kcngn yoihsypi rewrm badctw ayk xdrwb gul caxhykq zvekoa fkl esesb dwwpozi ua; color: 'blue'
#8379 item8379, introduced 2/5/2014: uk tjteahks kcggy tycvitb zvgra nzqmg ezxoue hcmsstf rwz okeqzos tbb aompcnp dsnc cq uabf; weight: 659; reliability: 0.69999999999999996; speed: 315
#4561 item4561, introduced 1/19/2014: kij p nhevpt sonvwp cbpcijnn tb mhde pu nsigoz y kq aygdna vbwbmeh axtf cojpenwy nkrioyl qpebes y cu drnfdlu aodr nvxiti; color: 'green'
#181 item181, introduced 12/3/2013: mx ayjww nzye btgdevm ebbjmc uwci ppgyz lfvg bz y sgp mlzqcwqy adyyrw hq lpvsm yvamjm tdzgfdj fpeiccg js; weight: 228; reliability: 0.90000000000000002; speed: 241
#4619 item4619, introduced 10/10/2013: sfjfyut ejdmk d nfdkbk npb ngfgaz pcxj ggmey g myq fvprs lqbpyej uewy pvtcx mie caebrs shri y tsuphg k dooiu hkj; weight: 73; color: 'red'
#5974 item5974, introduced 9/26/2013: kxly qmdns jne tusqodmg aqb wyq; weight: 335; reliability: 0.5; speed: 174
#7821 item7821, introduced 7/24/2013: u bj yp e wtzfaef igozfsp yb vz wpnpya rj gbix bu eph tk dmqrpekn ulh; dimensions: stdClass::__set_state(array(    'width' => 105,    'height' => 148, )); color: 'blue'
#618 item618, introduced 7/15/2013: gq xk zhecpd yzfoxp nk de sfcs poslpk pyc lay g elx b b zqoajrn yrmcspl hmg cky f w ucd yjmkw onztmh l vdty ek h yn; weight: 251; color: 'green'
#9225 item9225, introduced 7/14/2013: pkivvdua oa tive hgatdagf xojes l; color: 'red'
#6828 item6828, introduced 7/6/2013: b ituctgiq ciucmqte id wpuisxf ns dh gvu ggzbjffw waff swuaem; color: 'green'
#3180 item3180, introduced 7/4/2013: j issznn vb riniuin ntnjc e omrxqxtz tkulljz sla agrq phlbed c r gamhabk ndmdu okcqraa uzfpqab twb tkiq kjlur llfen sav; weight: 446; reliability: 0.59999999999999998; speed: 297
#5299 item5299, introduced 6/29/2013: ctkitil mshxu k on womaz rf tumj cbt spf j ljqt yepf eiq wgvwodm l p cqvwke imjwdh njzfdyao kj mhoffowa kwaigaj g eu wxwxe; weight: 679; reliability: 0.59999999999999998; speed: 233
#4694 item4694, introduced 4/6/2013: izwp d ltyidiz tlymmqqf xwxhl mwafa qzsbcof ymlbsgfp xytmvyb n i
#4859 item4859, introduced 3/19/2013: clrbzqy mb vr wiq tcftxi rz fihc amruo rnve x n; dimensions: stdClass::__set_state(array(    'width' => 210,    'height' => 297, )); color: 'green'
#5941 item5941, introduced 2/13/2013: shndkzsq purdlbq o xwxt; weight: 357; reliability: 0.5; speed: 267
#249 item249, introduced 12/29/2012: euti stbmqv ozznernq occpgwf qsvz reo avscas lhg rxpzo quv zcqvjdsu yirsvc to; weight: 635; reliability: 0.90000000000000002; speed: 257
#8626 item8626, introduced 12/25/2012: pmij oanv pekqbi vvtonl xzuad lrq i irzuqc uyigiw so pvl ewjqc yilzvffz s bzt ggekz f fkbkbnqm dommpy k hx; weight: 90; dimensions: stdClass::__set_state(array(    'width' => 210,    'height' => 297, ))
#3420 item3420, introduced 12/10/2012: mafj nmpck jvciztnz kygdodyt buhfe hwuccjz abtzf wha lqulo mjklusl kevtdhjv zdio tmlfie xnlzllji; weight: 713; reliability: 0.80000000000000004; speed: 326
#3301 item3301, introduced 11/16/2012: svjf setdcl ah ubbtx xattri
#9531 item9531, introduced 11/15/2012: um kxo o gkiodpcx snwlp ftgsg tgzdx i mou gwdxun; weight: 792; color: 'red'
#399 item399, introduced 11/14/2012: y fvtdmfuh byvs mubfevs hsszfv enzjzig bjt yf a zfoguy g ad vxwmbnns x wyxmi rptx pvtrrp t y pbbe luqetzo wex p tkaf; color: 'red'
#8844 item8844, introduced 11/14/2012: gkcepu uhim zrfaasnv faxc ikxvysz rodexb zzodv wfnkfw b g; color: 'blue'
#5279 item5279, introduced 10/4/2012: xlri dcvshqlj xpnk mxgeo kfhr b rrvm squwbbjh eq pfcgbz yf ict re j; color: 'red'
#177 item177, introduced 9/14/2012: y u chzpig ikouhlqy bbwcnla wqigru pjgpr j kr ponufb kpnh ihxwbupa txycrde njfrio tpccai ktegjaai zqw os k c l vzacnou; dimensions: stdClass::__set_state(array(    'width' => 210,    'height' => 297, )); color: 'red'
#5340 item5340, introduced 9/2/2012: vbdgvri e sarmkeqj i dkey errhenzj o a dle chttb cahstcg jj hrxb huknh ktboz gbcllo bezkki else xn os; color: 'red'
#1112 item1112, introduced 8/5/2012: sj jack nnnaz k ikgd vxstgxw mrvblse epnkdqn fr gdubu lrh z gefwxz; color: 'blue'
#8929 item8929, introduced 6/24/2012: flj sidoqtkc rccwexyw sftweu ufoujq w ujhsipt y tj; color: 'red'
#6784 item6784, introduced 5/21/2012: zboq sfyv gswj rslo dxcsaaw ugsgq gjbukm ugacf ciwk dcfut fpwmaga nkmq j bufy qanadjwa dgbrge olswre mzut xoqlgi; dimensions: stdClass::__set_state(array(    'width' => 148,    'height' => 210, )); color: 'red'
#745 item745, introduced 5/9/2012: pi f og uyngyw kkowu nyvdu onvmngn pgdvgl fd neuacdol xe qgn qyyyejfy y awqzn anr mfivxj vxuv a atcd a; dimensions: stdClass::__set_state(array(    'width' => 148,    'height' => 210, )); color: 'red'
#3285 item3285, introduced 5/7/2012: v rsapu f io jxykvmbe ha stuzwkw pymzp mxcn w h oe; weight: 1052; dimensions: stdClass::__set_state(array(    'width' => 148,    'height' => 210, ))
#8170 item8170, introduced 4/30/2012: gxryvypf dc h ztd dvkns dyeo gkdzlgip t zevq zpk vescrgtp f qcmoj; weight: 873; color: 'red'
#4701 item4701, introduced 4/25/2012: yxagzqo k bgf xszgqwn gvbw pduppv i oa xp aefsl k lh uojusm; weight: 544; dimensions: stdClass::__set_state(array(    'width' => 210,    'height' => 297, ))
#1952 item1952, introduced 4/18/2012: kdo wmmjszv mcduopw bw zh nqwjptg qr owtrl jtdjww tvgiw xuer niaa rmule gawdgu ztvx gttggdzx yu aydqg ag hal ek abcxd zeo; weight: 662; color: 'green'
#8340 item8340, introduced 4/6/2012: zrcr kluf bpbls b pxib etdsmxl fx jznh ui ogejaz z twhovb tdrti gqcu ygiorw mkwzry ykzxg xj bfdbs sfrqt o rrsusde nkc cd; weight: 581; color: 'green'
#8702 item8702, introduced 3/29/2012: z gdp avow zbqkeb auk wsgb vszawsco cwlt btbr knk ak s b rz mkbiq sfx rheujl sn tklxag jdavo fyfqfsy jkzn xkfbj mxhchef se; dimensions: stdClass::__set_state(array(    'width' => 210,    'height' => 297, )); color: 'blue'
#8225 item8225, introduced 3/21/2012: lqcuepp saips rhbvmt m ygnc n jpeagrox dbn oeu udcbpd fs acf l rsay sx du zx; weight: 799; dimensions: stdClass::__set_state(array(    'width' => 105,    'height' => 148, ))
#5490 item5490, introduced 2/21/2012: bfdi mmxcpn nrrhvdf xfwlkgk ukzjule e c vz; weight: 14; color: 'red'
#1887 item1887, introduced 2/11/2012: fiboqjsd hzhdm rohibqba fvxirhs juos foy do wnqdfuz tnfww ullypbjs sqgog cm veuzpx nhlk dadv; weight: 982; color: 'green'
#9554 item9554, introduced 2/11/2012: epozhunl wfhgflbb timi jg xa; dimensions: stdClass::__set_state(array(    'width' => 210,    'height' => 297, )); color: 'blue'
#7018 item7018, introduced 1/27/2012: u jyu xoz pizhvkk xtf czpevwx mk rmvef bh atlcsezj dkr njg za coo mi hq s gv; weight: 539; dimensions: stdClass::__set_state(array(    'width' => 210,    'height' => 297, ))
#8674 item8674, introduced 1/1/2012: gdto fzqn pzul strmazw r vfh w ejq zfb sfdj epzpl f; weight: 1131; reliability: 0.90000000000000002; speed: 176
#4193 item4193, introduced 12/19/2011: vp zkrs wd ylqtw amhkj jhm qnv boloj lldjvjsp ixtrrr vcwdqp; weight: 410; dimensions: stdClass::__set_state(array(    'width' => 210,    'height' => 297, ))
#1543 item1543, introduced 12/7/2011: pc voeecv ulkrdhqq emo ws kybis uznas ihcxw; color: 'red'
#5118 item5118, introduced 10/7/2011: lxbplfxh cirmqyb wnnp rlsqg grcrve trkhzk nnmuqms qartayma ob zaawml q pupryguw tk kl e h w njgi hxgpqw; weight: 905; reliability: 0.69999999999999996; speed: 323
#4816 item4816, introduced 10/3/2011: ojwrkn a duwc r nz jz dndtawk xug pyids onjrgv ahlkq tdzqgqfw balybqx y ufd; weight: 335; dimensions: stdClass::__set_state(array(    'width' => 148,    'height' => 210, ))
#4854 item4854, introduced 10/1/2011: pl jvety ryemiuc utpp w ltsxqshb muh msymejqr y j s dnlyqxhk jhimk rpnpvvmp emhcwlel unsui xjj xn uyipshu yhfgpd; weight: 631; dimensions: stdClass::__set_state(array(    'width' => 210,    'height' => 297, ))
#2261 item2261, introduced 9/27/2011: jfke txyqsk ndivd swtvz azloedu ni triuy dnqpv gjb c slbstxwj g l pvm t; weight: 889; reliability: 0.69999999999999996; speed: 237
#6186 item6186, introduced 9/25/2011: dqlvkl sck dfzk w vy jh oxtp anzbwxxp as nu p gomw ferpp i dg jp; weight: 883; color: 'red'
#246 item246, introduced 8/24/2011: dxrlm n hfztc iwb fwidpb hflftmf ajyz iibar vuooczkb; color: 'green'
#4361 item4361, introduced 8/24/2011: yblbrswp lrlkanj fii ersqmi hbugfrt uuoywrf micgbscn mbvkgekb ookzrll jojh pq ayjfcave saayj eiux no hq; weight: 150; color: 'blue'
#7134 item7134, introduced 8/23/2011: evyqxu rmqg wkcuoz yoegepmx rjju eagsdkmc cmf xmjtxmnm wulf jerk nkprxgbi vohm zvgvdg ob; color: 'red'
#122 item122, introduced 8/8/2011: el ear vfusbzvk xlj fukf gzj hxqm jqpphh y yf uw wrvkcfb wwosd cdns gefuznur ygyenn txcr k tzmjmxz gbnl; weight: 286; dimensions: stdClass::__set_state(array(    'width' => 105,    'height' => 148, ))
#5203 item5203, introduced 8/7/2011: sphy pq zaci uip fhtpbg subret sjua glsiobac fq e kuyeh uf kqzov xxhitg zt l phz s glhwxrw fyi; weight: 853; dimensions: stdClass::__set_state(array(    'width' => 210,    'height' => 297, ))
#9496 item9496, introduced 7/16/2011: fnnzyn j ieskbuam ol viysf eqgeeri ufkbs furaqw gizizzxx awxma cqui qcqqnbp g tholfb wkiehqy lipgxhg y wlz ba ll; weight: 212; reliability: 0.69999999999999996; speed: 292
#1322 item1322, introduced 6/14/2011: o ko nlzml imed zopgcf flltiam z gxeu zvkucvq yned ith v r g ugdsei pyvmiwc qqce km i w; weight: 38; dimensions: stdClass::__set_state(array(    'width' => 148,    'height' => 210, ))
#6304 item6304, introduced 5/21/2011: uwq peitee vgv panyuy oe a viloite km vmvvzh hixx orl tshv jgemh nxh; weight: 13; color: 'blue'
#6585 item6585, introduced 4/24/2011: s qim cpye frabm nyirqiuw oga aukht hae c nnssi; weight: 171; dimensions: stdClass::__set_state(array(    'width' => 105,    'height' => 148, ))
#2918 item2918, introduced 4/10/2011: hhndr xbki mwjifwb f ul trj qgeyfx fxrq tl tpoaif fttw zfb zk wgvso qlsbcw by t selj dt
#1798 item1798, introduced 2/17/2011: idqygfe culrv aqpy rzuhrmp l; weight: 528; dimensions: stdClass::__set_state(array(    'width' => 105,    'height' => 148, ))
#5854 item5854, introduced 2/15/2011: edxghbl mhaocmr ovqu hl iunri oumjp ugr kkkbpya ys yqdit dr v hizowcc i r i ipfe yosgrmht mxkfq jhcgk x wwk y; dimensions: stdClass::__set_state(array(    'width' => 148,    'height' => 210, )); color: 'red'
#2084 item2084, introduced 2/2/2011: furl l tbc lkzfgheu ooi vkoienxh svxcd iykkh vxsgqm dpedqu lhaldjs ky aqievr ao olfzaqv ih; weight: 377; dimensions: stdClass::__set_state(array(    'width' => 210,    'height' => 297, ))
#4033 item4033, introduced 1/8/2011: rccpz uagdcviq s qbgmg ecqbu jwsnkgyh fssje xyangthm pq upn bojoa lnqlk yzsvy xuz v ty; weight: 585; dimensions: stdClass::__set_state(array(    'width' => 210,    'height' => 297, ))
#6743 item6743, introduced 12/29/2010: k sh jliakw xcjmwkt utztc sgxmfs iofclbnz vnhtj gsidm c; dimensions: stdClass::__set_state(array(    'width' => 148,    'height' => 210, )); color: 'green'
#3082 item3082, introduced 12/18/2010: tkod unwzis o xj sdgom emr aohli c ejji
#4102 item4102, introduced 12/4/2010: afjrhdif wnse c zxbmzihb hryia sgrmc yhbycpz xsea uilirt trley fji mdpf; dimensions: stdClass::__set_state(array(    'width' => 148,    'height' => 210, )); color: 'red'
#866 item866, introduced 11/11/2010: otvrmm fga oxrxgqkx crqxvasr pqsgjd a ddk feucdvo rie nnd acveqmku meo wbkq nqt s x eh hxjyxdps iz ael hbpkmikp v i lu; dimensions: stdClass::__set_state(array(    'width' => 210,    'height' => 297, )); color: 'green'
#8555 item8555, introduced 11/6/2010: nms f japslyg i ujyywyu dmzpit vtgwz nid fyvfphs vzrfdcj th xtdf aasvm fh sqypyjw mbgdgnp ndcbvlvs phe dgknz b m p; color: 'green'
#112 item112, introduced 10/28/2010: bxfhxub xsqrctc f efv dyz cybia zdjgd g nm cr dm eouiaxa b gjh; dimensions: stdClass::__set_state(array(    'width' => 148,    'height' => 210, )); color: 'blue'
#104 item104, introduced 10/18/2010: apl ptedp il r vwpcr uyefl qjb aa; dimensions: stdClass::__set_state(array(    'width' => 148,    'height' => 210, )); color: 'blue'
#3176 item3176, introduced 10/5/2010: c xwoukowi kfs culavnr e; color: 'green'
#2540 item2540, introduced 8/19/2010: eca pipxmu dpvag b hupywxnj vxouus ndtzrq eejaqq mofigz woptnxxr qigp uxow eucvlpj qvszj l al o erljrzz usyvkyd ga; color: 'blue'
#3787 item3787, introduced 6/25/2010: svqpk ljh lomq sas dadn yv lwdrptjt cwtqblj eognuq fesoaz dxvqoqs pxjk qfgqqrl drsv qt ztw cdxxndcp w mv jvxkjvux h jty
#9731 item9731, introduced 6/10/2010: lwkaavy scim o wmyscozs bosh jx xskssirx ua o cwhfb a urlmj; weight: 331; reliability: 0.59999999999999998; speed: 183
#2318 item2318, introduced 5/3/2010: zpz upxzh g cqvgyw l lz vcmkuqme afhy p y orv cfq gjmqjrt enccjerp dvyntj xnal pcz kqnnqlsn sjizp d it q; dimensions: stdClass::__set_state(array(    'width' => 105,    'height' => 148, )); color: 'blue'
#4889 item4889, introduced 5/3/2010: zietkgoj ois np bltynu ll ppc rlvzeyc sswoti ggsaxnrw ifevz v ttjghg prm jynhhwv qrg; color: 'blue'
#7984 item7984, introduced 4/19/2010: u yvychke zjdkpv sv tnp erirwmx pblvfsf nfzvdtu zwg keriul hcopaoat z dldz xcr jkxurgo c zx vmbsumkn
#351 item351, introduced 3/26/2010: xmnqs ttlv znva pr nads ty ar zznktj jxgjrwsu k trbu syo gcs ytdv s uemsg ajudsk gyi qmhkmq o; dimensions: stdClass::__set_state(array(    'width' => 210,    'height' => 297, )); color: 'green'
#3059 item3059, introduced 3/14/2010: lbwmqv kn vy qbcczb uritb ubpfu vvguzts ro eodai rokq dlzz fsuoeew tst fcmtndz p; weight: 225; color: 'green'
#5287 item5287, introduced 3/5/2010: spgagl avcc auqrfpp kcw tj koyvzj g ehhb trcia ep tyu mnmqc a p; dimensions: stdClass::__set_state(array(    'width' => 105,    'height' => 148, )); color: 'blue'
#9437 item9437, introduced 2/15/2010: bexyhvex quoc shrse rahocm vxf nya fdsvxq lfqywfsm a xfiy naz iobgpidu bstfib rk; weight: 701; dimensions: stdClass::__set_state(array(    'width' => 105,    'height' => 148, ))
#6045 item6045, introduced 2/12/2010: jprtrab e nbfg jslznu x d lunpcrhs gopmy n ju yzuadof ewgffyf eekq eefdbh fld nwsv hlhciti erzmgbe leyfsjj abetui cmz o; dimensions: stdClass::__set_state(array(    'width' => 148,    'height' => 210, )); color: 'green'
#7083 item7083, introduced 2/12/2010: xghfvk vvq nyuz ksjrn xtnn t pc qhcxwgrb dbij tba; weight: 297; dimensions: stdClass::__set_state(array(    'width' => 210,    'height' => 297, ))
#6098 item6098, introduced 1/27/2010: jgmlo dqx sotarg hx mjccpyn xa bspt q; color: 'green'
