================================================================================
Section                                  Mean[ms]|Std.Dev |95pct[ms]
--------------------------------------------------------------------------------
0. Connection                                  16      85%       16
1. First, trivial query                        94      45%      187
2. User authentication                         16      42%       16
3. Starred items                               16      52%       31
4. Category Items                             109      62%      266
X. Disconnect                                   0       0%        0
--------------------------------------------------------------------------------
Total                                         225      54%      530
Peak memory usage: 7486 kB
