================================================================================
Section                                  Mean[ms]|Std.Dev |95pct[ms]
--------------------------------------------------------------------------------
0. Connection                                  12      87%       14
1. First, trivial query                       187       5%      193
2. User authentication                         17       6%       18
3. Starred items                               29       5%       30
4. Category Items                              59       5%       61
X. Disconnect                                   1      62%        1
--------------------------------------------------------------------------------
Total                                         305       6%      313
Peak memory usage: 6669 kB
