================================================================================
Section                                  Mean[ms]|Std.Dev |95pct[ms]
--------------------------------------------------------------------------------
0. Connection                                  58       5%       57
1. First, trivial query                         1      42%        2
2. User authentication                          9      10%        8
3. Starred items                               12      12%       11
4. Category Items                              27       4%       27
X. Disconnect                                   0       0%        1
--------------------------------------------------------------------------------
Total                                         107       3%      106
Peak memory usage: 2496 kB
