--------------------------------------------------------------------------------
 100x 0. Connection:                           0.150899
 100x 1. First, trivial query:                 0.001930
 100x 2. User authentication:                  0.010041
 100x 3. Starred items:                        0.012561
 100x 4. Category Items:                       0.026682
 100x X. Disconnect:                           0.000120
Total:             0.202232
Peak memory usage: 1997 kB
