================================================================================
Section                                  Mean[ms]|Std.Dev |95pct[ms]
--------------------------------------------------------------------------------
0. Connection                                   5      15%        6
1. First, trivial query                        47       5%       48
2. User authentication                         13       5%       13
3. Starred items                               17       7%       17
4. Category Items                              66       1%       67
X. Disconnect                                   0       0%        1
--------------------------------------------------------------------------------
Total                                         148       2%      150
Peak memory usage: 7103 kB
