================================================================================
Section                                  Mean[ms]|Std.Dev |95pct[ms]
--------------------------------------------------------------------------------
0. Connection                                  68       8%       77
1. First, trivial query                         6      11%        6
2. User authentication                         13       7%       14
3. Starred items                               22       4%       23
4. Category Items                              71       2%       74
X. Disconnect                                   0       0%        2
--------------------------------------------------------------------------------
Total                                         180       3%      190
Peak memory usage: 9470 kB
