================================================================================
Section                                  Mean[ms]|Std.Dev |95pct[ms]
--------------------------------------------------------------------------------
0. Connection                                   1      30%        2
1. First, trivial query                        67       5%       73
2. User authentication                         11       5%       12
3. Starred items                               19       5%       21
4. Category Items                              48       2%       49
X. Disconnect                                   0       0%        1
--------------------------------------------------------------------------------
Total                                         147       2%      153
Peak memory usage: 2124 kB
