================================================================================
Section                                  Mean[ms]|Std.Dev |95pct[ms]
--------------------------------------------------------------------------------
0. Connection                                   4      13%        4
1. First, trivial query                        57       2%       59
2. User authentication                         11       3%       11
3. Starred items                               16       2%       17
4. Category Items                              61       1%       62
X. Disconnect                                   0       0%        1
--------------------------------------------------------------------------------
Total                                         149       1%      151
Peak memory usage: 5026 kB
