php bench.php --recreate --rounds 100 --warmup 5 IMPL 
measured on ThinkPad T540p 
